
> nextn@0.1.0 build
> next build

   Ôû▓ Next.js 15.5.9
   - Environments: .env

   Creating an optimized production build ...
 Ô£ô Compiled successfully in 7.6s
   Skipping validation of types
   Skipping linting
   Collecting page data ...
   Generating static pages (0/20) ...
   Generating static pages (5/20) 
node.exe : Error occurred prerendering page 
"/perfil". Read more: 
https://nextjs.org/docs/messages/prerender-error
En línea: 1 Carácter: 1
+ & "C:\Program Files\nodejs/node.exe" "C:\Program 
Files\nodejs/node_mo ...
+ ~~~~~~~~~~~~~~~~~~~~~~~~~~~~~~~~~~~~~~~~~~~~~~~~~~~
~~~~~~~~~~~~~~~~~~
    + CategoryInfo          : NotSpecified: (Error o 
   ccurred ...prerender-error:String) [], RemoteExc  
  eption
    + FullyQualifiedErrorId : NativeCommandError
 
[Error [FirebaseError]: Expected first argument to 
collection() to be a CollectionReference, a 
DocumentReference or FirebaseFirestore] {
  code: 'invalid-argument',
  customData: undefined,
  toString: [Function (anonymous)],
  digest: '3113892750'
}
Export encountered an error on /perfil/page: 
/perfil, exiting the build.
 Ô¿» Next.js build worker exited with code: 1 and 
signal: null
